// Jest Snapshot v1, https://goo.gl/fbAQLP

exports[`cssColor 1`] = `
"--color-text-50 = #EFFCF6;
--color-text-100 = #C6F7E2;
--color-text-200 = #8EEDC7;
--color-text-300 = #65D6AD;
--color-text-400 = #3EBD93;
--color-text-500 = #27AB83;
--color-text-600 = #199473;
--color-text-700 = #147D64;
--color-text-800 = #0C6B58;
--color-text-900 = #014D40;"
`;

exports[`varCssColorMap 1`] = `
Object {
  "100": "var(--color-text-100)",
  "200": "var(--color-text-200)",
  "300": "var(--color-text-300)",
  "400": "var(--color-text-400)",
  "50": "var(--color-text-50)",
  "500": "var(--color-text-500)",
  "600": "var(--color-text-600)",
  "700": "var(--color-text-700)",
  "800": "var(--color-text-800)",
  "900": "var(--color-text-900)",
}
`;
