// Jest Snapshot v1, https://goo.gl/fbAQLP

exports[`should match snapshot 1`] = `
.emotion-1 {
  position: relative;
  border: none;
  display: -webkit-inline-box;
  display: -webkit-inline-flex;
  display: -ms-inline-flexbox;
  display: inline-flex;
  -webkit-box-pack: center;
  -webkit-justify-content: center;
  -ms-flex-pack: center;
  justify-content: center;
  -webkit-align-items: center;
  -webkit-box-align: center;
  -ms-flex-align: center;
  align-items: center;
  cursor: pointer;
  border-radius: 8px;
  font-weight: 600;
  -webkit-transition: all 0.1s ease-out;
  transition: all 0.1s ease-out;
  font-size: 14px;
  padding-left: 10px;
  padding-right: 10px;
  padding-top: 8px;
  padding-bottom: 8px;
  background-color: #0C6B58;
  color: #EFFCF6;
}

.emotion-1:disabled {
  cursor: not-allowed;
  opacity: 0.4;
}

.emotion-1:hover:enabled {
  opacity: 0.8;
}

.emotion-1:active:enabled {
  -webkit-filter: brightness(80%);
  filter: brightness(80%);
}

.emotion-1:focus {
  outline: none;
  box-shadow: 0 0 0 3px rgba(66,153,225,0.5);
}

.emotion-1 span.icon-left,
.emotion-1 span.icon-right {
  display: -webkit-inline-box;
  display: -webkit-inline-flex;
  display: -ms-inline-flexbox;
  display: inline-flex;
  text-align: center;
  -webkit-align-items: center;
  -webkit-box-align: center;
  -ms-flex-align: center;
  align-items: center;
  -webkit-box-pack: center;
  -webkit-justify-content: center;
  -ms-flex-pack: center;
  justify-content: center;
}

.emotion-1 span.icon-left,
.emotion-1 span.icon-right {
  width: 14px;
}

.emotion-1 span.icon-left {
  margin-right: 8px;
}

.emotion-1 span.icon-right {
  margin-left: 8px;
}

.emotion-0 {
  box-sizing: border-box;
  min-width: 0;
  -webkit-transition: all 0.2s ease;
  transition: all 0.2s ease;
  border: none;
  display: -webkit-inline-box;
  display: -webkit-inline-flex;
  display: -ms-inline-flexbox;
  display: inline-flex;
  -webkit-box-pack: center;
  -webkit-justify-content: center;
  -ms-flex-pack: center;
  justify-content: center;
  -webkit-align-items: center;
  -webkit-box-align: center;
  -ms-flex-align: center;
  align-items: center;
  cursor: pointer;
  border-radius: 8px;
  font-weight: 600;
  -webkit-transition: all 0.1s ease-out;
  transition: all 0.1s ease-out;
}

.emotion-0:focus {
  outline: none;
  box-shadow: 0 0 0 3px rgba(66,153,225,0.5);
}

.emotion-0 span.icon-left,
.emotion-0 span.icon-right {
  display: -webkit-inline-box;
  display: -webkit-inline-flex;
  display: -ms-inline-flexbox;
  display: inline-flex;
  text-align: center;
  -webkit-align-items: center;
  -webkit-box-align: center;
  -ms-flex-align: center;
  align-items: center;
  -webkit-box-pack: center;
  -webkit-justify-content: center;
  -ms-flex-pack: center;
  justify-content: center;
}

<div>
  <button
    class="emotion-1"
  >
    <div
      class="emotion-0"
    >
      Button
    </div>
  </button>
</div>
`;
