// Jest Snapshot v1, https://goo.gl/fbAQLP

exports[`should match snapshot 1`] = `
.emotion-0 {
  box-sizing: border-box;
  min-width: 0;
  -webkit-transition: all 0.2s ease;
  transition: all 0.2s ease;
  display: -webkit-box;
  display: -webkit-flex;
  display: -ms-flexbox;
  display: flex;
  -webkit-align-items: center;
  -webkit-box-align: center;
  -ms-flex-align: center;
  align-items: center;
  padding-left: 16px;
  padding-right: 16px;
  padding-top: 16px;
  padding-bottom: 16px;
}

.emotion-2 {
  box-sizing: border-box;
  min-width: 0;
  -webkit-transition: all 0.2s ease;
  transition: all 0.2s ease;
  -webkit-flex: 1;
  -ms-flex: 1;
  flex: 1;
  margin-left: 0px;
}

.emotion-4 {
  box-sizing: border-box;
  min-width: 0;
  -webkit-transition: all 0.2s ease;
  transition: all 0.2s ease;
  margin: 0px;
  font-size: 20px;
}

<div>
  <div
    class="emotion-0 emotion-1"
    display="flex"
  >
    <div
      class="emotion-2 emotion-1"
    >
      <h1
        class="emotion-4 emotion-1"
        font-size="large"
      >
        Card Header
      </h1>
    </div>
  </div>
</div>
`;
