// Jest Snapshot v1, https://goo.gl/fbAQLP

exports[`should match snapshot 1`] = `
.emotion-0 {
  box-sizing: border-box;
  min-width: 0;
  -webkit-transition: all 0.2s ease;
  transition: all 0.2s ease;
  border-radius: 8px;
  box-shadow: inset 0 2px 4px 0 rgba(0,0,0,0.06);
  font-family: "Ubuntu Mono",Menlo,monospace;
  padding: 16px;
  word-wrap: break-word;
  display: block;
  white-space: pre-wrap;
}

<div>
  <code
    class="emotion-0"
    font-family="monospace"
  />
</div>
`;
