// Jest Snapshot v1, https://goo.gl/fbAQLP

exports[`should match snapshot 1`] = `
<div>
  <div
    id="patches-root"
  >
    <pre
      style="color: black; background: rgb(245, 242, 240); text-shadow: 0 1px white; font-family: Consolas, Monaco, 'Andale Mono', 'Ubuntu Mono', monospace; font-size: 1em; text-align: left; white-space: pre; word-spacing: normal; word-break: normal; word-wrap: normal; line-height: 1.5; tab-size: 4; hyphens: none; padding: 1em; margin: .5em 0px; overflow: auto;"
    >
      <code
        style="color: black; background: none; text-shadow: 0 1px white; font-family: Consolas, Monaco, 'Andale Mono', 'Ubuntu Mono', monospace; font-size: 1em; text-align: left; white-space: pre; word-spacing: normal; word-break: normal; word-wrap: normal; line-height: 1.5; tab-size: 4; hyphens: none;"
      >
        <span>
          public static void;
        </span>
      </code>
    </pre>
  </div>
</div>
`;
