// Jest Snapshot v1, https://goo.gl/fbAQLP

exports[`should match snapshot 1`] = `
.emotion-0 {
  box-sizing: border-box;
  min-width: 0;
  -webkit-transition: all 0.2s ease;
  transition: all 0.2s ease;
  position: relative;
}

.emotion-1 {
  box-sizing: border-box;
  min-width: 0;
  -webkit-transition: all 0.2s ease;
  transition: all 0.2s ease;
  position: absolute;
  width: 100%;
  background-color: #9AA5B1;
  height: 1px;
}

<div>
  <div
    id="patches-root"
  >
    <div
      class="emotion-0"
    >
      <div
        class="emotion-1"
        height="1px"
        width="100%"
      />
    </div>
  </div>
</div>
`;
