// Jest Snapshot v1, https://goo.gl/fbAQLP

exports[`should match snapshot 1`] = `
.emotion-0 {
  box-sizing: border-box;
  min-width: 0;
  -webkit-transition: all 0.2s ease;
  transition: all 0.2s ease;
  margin-bottom: 32px;
}

.emotion-0:target:before {
  content: "";
  display: block;
  height: 100px;
  margin: -100px 0 0;
}

.emotion-1 {
  box-sizing: border-box;
  min-width: 0;
  -webkit-transition: all 0.2s ease;
  transition: all 0.2s ease;
  padding: 0px;
  margin: 0px;
  margin-bottom: 8px;
  display: -webkit-box;
  display: -webkit-flex;
  display: -ms-flexbox;
  display: flex;
  -webkit-align-items: center;
  -webkit-box-align: center;
  -ms-flex-align: center;
  align-items: center;
}

.emotion-2 {
  box-sizing: border-box;
  min-width: 0;
  -webkit-transition: all 0.2s ease;
  transition: all 0.2s ease;
  position: relative;
}

.emotion-3 {
  box-sizing: border-box;
  min-width: 0;
  -webkit-transition: all 0.2s ease;
  transition: all 0.2s ease;
  position: absolute;
  width: 100%;
  background-color: #E4E7EB;
  height: 1px;
}

<div>
  <div
    id="patches-root"
  >
    <div
      class="emotion-0"
    >
      <h3
        class="emotion-1"
      />
      <div
        class="emotion-2"
      >
        <div
          class="emotion-3"
          height="1px"
          width="100%"
        />
      </div>
    </div>
  </div>
</div>
`;
