// Jest Snapshot v1, https://goo.gl/fbAQLP

exports[`should match snapshot 1`] = `
.emotion-0 {
  box-sizing: border-box;
  min-width: 0;
  -webkit-transition: all 0.2s ease;
  transition: all 0.2s ease;
  display: -webkit-box;
  display: -webkit-flex;
  display: -ms-flexbox;
  display: flex;
  -webkit-align-items: center;
  -webkit-box-align: center;
  -ms-flex-align: center;
  align-items: center;
}

.emotion-0 svg {
  margin-right: 4px;
}

.emotion-1 {
  position: relative;
  border-radius: 9999px;
  display: -webkit-inline-box;
  display: -webkit-inline-flex;
  display: -ms-inline-flexbox;
  display: inline-flex;
  -webkit-align-items: center;
  -webkit-box-align: center;
  -ms-flex-align: center;
  align-items: center;
  -webkit-box-pack: center;
  -ms-flex-pack: center;
  -webkit-justify-content: center;
  justify-content: center;
  color: #199473;
  width: 24px;
  height: 24px;
}

.emotion-1 svg {
  width: 24px;
  height: 24px;
}

.emotion-1 svg .primary {
  fill: #65D6AD;
}

.emotion-1 svg .secondary {
  fill: #199473;
}

.emotion-2 {
  box-sizing: border-box;
  min-width: 0;
  -webkit-transition: all 0.2s ease;
  transition: all 0.2s ease;
  padding: 0px;
  margin: 0px;
  color: #147D64;
}

<div>
  <div
    id="patches-root"
  >
    <div
      class="emotion-0"
      display="flex"
    >
      <span
        class="emotion-1"
      >
        <svg
          class="icon-check"
          viewBox="0 0 24 24"
        >
          <circle
            class="primary"
            cx="12"
            cy="12"
            r="10"
          />
          <path
            class="secondary"
            d="M10 14.59l6.3-6.3a1 1 0 011.4 1.42l-7 7a1 1 0 01-1.4 0l-3-3a1 1 0 011.4-1.42l2.3 2.3z"
          />
        </svg>
      </span>
      <p
        class="emotion-2"
        role="alert"
      />
    </div>
  </div>
</div>
`;
