// Jest Snapshot v1, https://goo.gl/fbAQLP

exports[`should match snapshot 1`] = `
.emotion-1 {
  box-sizing: border-box;
  min-width: 0;
  -webkit-transition: all 0.2s ease;
  transition: all 0.2s ease;
}

.emotion-0 {
  box-sizing: border-box;
  min-width: 0;
  -webkit-transition: all 0.2s ease;
  transition: all 0.2s ease;
  max-width: 1280px;
  margin: auto;
  padding-left: 16px;
  padding-right: 16px;
  padding-top: 24px;
  padding-bottom: 24px;
}

@media screen and (min-width:768px) {
  .emotion-0 {
    padding-left: 24px;
    padding-right: 24px;
  }
}

@media screen and (min-width:1024px) {
  .emotion-0 {
    padding-left: 24px;
    padding-right: 24px;
  }
}

<div>
  <main
    class="emotion-1"
  >
    <div
      class="emotion-0"
    />
  </main>
</div>
`;
