// Jest Snapshot v1, https://goo.gl/fbAQLP

exports[`should match snapshot 1`] = `
.emotion-0 {
  box-sizing: border-box;
  min-width: 0;
  -webkit-transition: all 0.2s ease;
  transition: all 0.2s ease;
  position: relative;
  min-height: 80px;
  overflow-y: auto;
}

.emotion-2 {
  box-sizing: border-box;
  min-width: 0;
  -webkit-transition: all 0.2s ease;
  transition: all 0.2s ease;
  height: auto;
  overflow-y: auto;
}

<div>
  <div
    id="patches-root"
  >
    <div
      class="emotion-0 emotion-1"
    >
      <div
        class="emotion-2 emotion-1"
        height="auto"
      >
        <div>
          <div
            class="cm-editor ͼ1 ͼ2 ͼ4"
          >
            <div
              aria-live="polite"
              style="position: absolute; top: -10000px;"
            />
            <div
              class="cm-scroller"
              tabindex="-1"
            >
              <div
                aria-multiline="true"
                autocapitalize="off"
                autocorrect="off"
                class="cm-content cm-lineWrapping"
                contenteditable="true"
                role="textbox"
                spellcheck="false"
                style="tab-size: 4"
                translate="no"
              >
                <div
                  class="cm-line"
                >
                  <br />
                </div>
              </div>
              <div
                aria-hidden="true"
                class="cm-selectionLayer"
              />
              <div
                aria-hidden="true"
                class="cm-cursorLayer"
                style="animation-duration: 1200ms;"
              />
            </div>
          </div>
        </div>
      </div>
    </div>
  </div>
</div>
`;
