// Jest Snapshot v1, https://goo.gl/fbAQLP

exports[`should match snapshot 1`] = `
.emotion-0 {
  box-sizing: border-box;
  min-width: 0;
  -webkit-transition: all 0.2s ease;
  transition: all 0.2s ease;
  position: relative;
}

.emotion-2 {
  box-sizing: border-box;
  min-width: 0;
  -webkit-transition: all 0.2s ease;
  transition: all 0.2s ease;
}

.emotion-2 .CodeMirror {
  height: auto;
  min-height: 60px;
}

<div>
  <div
    id="patches-root"
  >
    <div
      class="emotion-0 emotion-1"
    >
      <div
        class="emotion-2 emotion-1"
      >
        <div
          class="react-codemirror2"
        >
          <div
            class="CodeMirror cm-s-default CodeMirror-wrap"
          >
            <div
              style="overflow: hidden; position: relative; width: 3px; height: 0px;"
            >
              <textarea
                autocapitalize="off"
                autocorrect="off"
                spellcheck="false"
                style="position: absolute; bottom: -1em; padding: 0px; width: 1000px; height: 1em; outline: none;"
                tabindex="0"
              />
            </div>
            <div
              class="CodeMirror-vscrollbar"
              cm-not-content="true"
              tabindex="-1"
            >
              <div
                style="min-width: 1px;"
              />
            </div>
            <div
              class="CodeMirror-hscrollbar"
              cm-not-content="true"
              tabindex="-1"
            >
              <div
                style="height: 100%; min-height: 1px;"
              />
            </div>
            <div
              class="CodeMirror-scrollbar-filler"
              cm-not-content="true"
            />
            <div
              class="CodeMirror-gutter-filler"
              cm-not-content="true"
            />
            <div
              class="CodeMirror-scroll"
              tabindex="-1"
            >
              <div
                class="CodeMirror-sizer"
                style="margin-left: 0px;"
              >
                <div
                  style="position: relative;"
                >
                  <div
                    class="CodeMirror-lines"
                    role="presentation"
                  >
                    <div
                      role="presentation"
                      style="position: relative; outline: none;"
                    >
                      <div
                        class="CodeMirror-measure"
                      >
                        <pre
                          class="CodeMirror-line-like"
                        >
                          <span>
                            xxxxxxxxxx
                          </span>
                        </pre>
                      </div>
                      <div
                        class="CodeMirror-measure"
                      />
                      <div
                        style="position: relative; z-index: 1;"
                      />
                      <div
                        class="CodeMirror-cursors"
                      />
                      <div
                        class="CodeMirror-code"
                        role="presentation"
                      />
                    </div>
                  </div>
                </div>
              </div>
              <div
                style="position: absolute; height: 50px; width: 1px;"
              />
              <div
                class="CodeMirror-gutters"
                style="display: none;"
              />
            </div>
          </div>
        </div>
      </div>
    </div>
  </div>
</div>
`;
