// Jest Snapshot v1, https://goo.gl/fbAQLP

exports[`should match snapshot 1`] = `
.emotion-0 {
  box-sizing: border-box;
  min-width: 0;
  -webkit-transition: all 0.2s ease;
  transition: all 0.2s ease;
  background-color: #fff;
  box-shadow: 0 1px 3px 0 rgba(0, 0, 0, 0.1),0 1px 2px 0 rgba(0, 0, 0, 0.06);
}

.emotion-1 {
  box-sizing: border-box;
  min-width: 0;
  -webkit-transition: all 0.2s ease;
  transition: all 0.2s ease;
  max-width: 1280px;
  margin: auto;
  display: -webkit-box;
  display: -webkit-flex;
  display: -ms-flexbox;
  display: flex;
  -webkit-align-items: center;
  -webkit-box-align: center;
  -ms-flex-align: center;
  align-items: center;
  -webkit-box-pack: justify;
  -webkit-justify-content: space-between;
  justify-content: space-between;
  padding-top: 4px;
  padding-bottom: 4px;
  padding-left: 16px;
  padding-right: 16px;
  -webkit-box-flex-wrap: wrap;
  -webkit-flex-wrap: wrap;
  -ms-flex-wrap: wrap;
  flex-wrap: wrap;
  gap: 16px;
}

@media screen and (min-width: 768px) {
  .emotion-1 {
    padding-top: 16px;
    padding-bottom: 16px;
    padding-left: 24px;
    padding-right: 24px;
  }
}

@media screen and (min-width: 1024px) {
  .emotion-1 {
    padding-left: 24px;
    padding-right: 24px;
  }
}

.emotion-2 {
  box-sizing: border-box;
  min-width: 0;
  -webkit-transition: all 0.2s ease;
  transition: all 0.2s ease;
  display: -webkit-box;
  display: -webkit-flex;
  display: -ms-flexbox;
  display: flex;
  -webkit-flex-direction: column;
  -ms-flex-direction: column;
  flex-direction: column;
}

.emotion-3 {
  box-sizing: border-box;
  min-width: 0;
  -webkit-transition: all 0.2s ease;
  transition: all 0.2s ease;
  margin-right: 16px;
}

@media screen and (min-width: 768px) {
  .emotion-3 {
    margin-right: 24px;
  }
}

@media screen and (min-width: 1024px) {
  .emotion-3 {
    margin-right: 24px;
  }
}

<div>
  <div
    id="patches-root"
  >
    <header
      class="emotion-0"
    >
      <div
        class="emotion-1"
        display="flex"
      >
        <div
          class="emotion-2"
          display="flex"
        >
          <div
            class="emotion-3"
          />
        </div>
      </div>
    </header>
  </div>
</div>
`;
