// Jest Snapshot v1, https://goo.gl/fbAQLP

exports[`should match snapshot 1`] = `
.emotion-0 {
  display: inline;
  color: inherit;
}

.emotion-0 svg {
  margin-left: 4px;
  width: auto;
  height: 70%;
}

<div>
  <div
    id="patches-root"
  >
    <a
      class="emotion-0"
      href="/"
    />
  </div>
</div>
`;
